completed test 1
passed test 2
passed test 3
passed test 4
Total Unmatched Features is 1, expected a value between 0 and 0
