stats = (stat) OR (input map 1 stat) (input map 2 stat) (output map stat)
Node Count	338	176	423	
Way Count	14	15	115	
Relation Count	0	0	21	
Total Feature Count	14	15	83	
Total Conflatable Features	14	15	0	
Percentage of Total Features Conflatable	100	100	0	
Total Unconflatable Features	0	0	0	
Percentage of Total Features Unconflatable	0	0	0	
Total Features Processed By Conflation	0	0	25	
Number of Match Creators	1	1	1	
Features Conflatable by: hoot::ScriptMatchCreator,LinearWaterway.js	14	15	0	
Features Conflatable by: hoot::ScriptMatchCreator,LineStringGeneric.js	0	0	0	
Total Conflated Features	0	0	25	
Percentage of Total Features Conflated	0	0	30.120481927710845	
Total Features Marked for Review	0	0	0	
Percentage of Total Features Marked for Review	0	0	0	
Total Number of Reviews to be Made	0	0	0	
Total Unmatched Features	14	15	58	
Percentage of Total Features Unmatched	100	100	69.879518072289159	
POI Count	0	0	0	
Conflatable POIs	0	0	0	
Conflated POIs	0	0	0	
POIs Marked for Review	0	0	0	
Number of POI Reviews to be Made	0	0	0	
Unmatched POIs	0	0	0	
Percentage of POIs Conflated	0	0	0	
Percentage of POIs Marked for Review	0	0	0	
Percentage of Unmatched POIs	0	0	0	
Highway Count	0	0	0	
Conflatable Highways	0	0	0	
Conflated Highways	0	0	0	
Highways Marked for Review	0	0	0	
Number of Highway Reviews to be Made	0	0	0	
Unmatched Highways	0	0	0	
Percentage of Highways Conflated	0	0	0	
Percentage of Highways Marked for Review	0	0	0	
Percentage of Unmatched Highways	0	0	0	
Building Count	0	0	0	
Conflatable Buildings	0	0	0	
Conflated Buildings	0	0	0	
Buildings Marked for Review	0	0	0	
Number of Building Reviews to be Made	0	0	0	
Unmatched Buildings	0	0	0	
Percentage of Buildings Conflated	0	0	0	
Percentage of Buildings Marked for Review	0	0	0	
Percentage of Unmatched Buildings	0	0	0	
Difference Between Total Features in Output and Total Features in Inputs			54	
Percentage Difference Between Total Features in Output and Total Features in Inputs			186.20689655172413	

