13:54:02.961 INFO  ...pp/hoot/core/cmd/ConflateCmd.h( 123) bytesRead: 519883
13:54:02.966 INFO  ...pp/hoot/core/cmd/ConflateCmd.h( 136) inputBytes: 36522
13:54:02.966 INFO  .../cpp/hoot/core/ops/NamedOp.cpp(  56) Applying operation: hoot::BuildingOutlineRemoveOp
13:54:02.966 INFO  .../cpp/hoot/core/ops/NamedOp.cpp(  56) Applying operation: hoot::MapCleaner
13:54:02.966 INFO  .../cpp/hoot/core/ops/NamedOp.cpp(  56) Applying operation: hoot::ReprojectToPlanarOp
Reprojecting 0 / 233         
13:54:02.997 INFO  .../cpp/hoot/core/ops/NamedOp.cpp(  56) Applying operation: hoot::DuplicateWayRemover
13:54:02.997 INFO  ...nflate/DuplicateWayRemover.cpp(  61) Removing duplicate ways...
13:54:03.997 INFO  .../cpp/hoot/core/ops/NamedOp.cpp(  56) Applying operation: hoot::SuperfluousWayRemover
13:54:03.997 INFO  ...late/SuperfluousWayRemover.cpp(  59) Removing superfluous ways...
13:54:03.997 INFO  .../cpp/hoot/core/ops/NamedOp.cpp(  56) Applying operation: hoot::IntersectionSplitter
13:54:03.997 INFO  ...itter/IntersectionSplitter.cpp( 109) Splitting intersections...
  Intersection splitter todo: 0         Intersection splitter todo: 0       
13:54:03.998 INFO  .../cpp/hoot/core/ops/NamedOp.cpp(  56) Applying operation: hoot::UnlikelyIntersectionRemover
13:54:03.998 INFO  .../cpp/hoot/core/ops/NamedOp.cpp(  56) Applying operation: hoot::DualWaySplitter
13:54:03.998 INFO  ...e/splitter/DualWaySplitter.cpp(  83) Assuming drives on right.
13:54:03.998 INFO  ...e/splitter/DualWaySplitter.cpp( 246) Splitting divided ways...

13:54:03.998 INFO  .../cpp/hoot/core/ops/NamedOp.cpp(  56) Applying operation: hoot::ImpliedDividedMarker
13:54:03.999 INFO  .../cpp/hoot/core/ops/NamedOp.cpp(  56) Applying operation: hoot::DuplicateNameRemover
13:54:03.999 INFO  .../cpp/hoot/core/ops/NamedOp.cpp(  56) Applying operation: hoot::SmallWayMerger
13:54:03.999 INFO  .../cpp/hoot/core/ops/NamedOp.cpp(  74) Applying visitor: hoot::RemoveEmptyAreasVisitor
13:54:03.999 INFO  .../cpp/hoot/core/ops/NamedOp.cpp(  74) Applying visitor: hoot::RemoveDuplicateAreaVisitor
13:54:04.001 INFO  .../cpp/hoot/core/ops/NamedOp.cpp(  56) Applying operation: hoot::NoInformationElementRemover
13:54:04.002 INFO  ...lygon/BuildingMatchCreator.cpp( 177) Loading model from: /fouo/jason.surratt/hoot-release-4/hoot/conf/BuildingModel.rf
13:54:04.538 INFO  ...ighway/HighwayRfClassifier.cpp(  74) Loading highway model from: /fouo/jason.surratt/hoot-release-4/hoot/conf/HighwayModel.rf
13:54:05.894 INFO  ...ighway/HighwayRfClassifier.cpp(  85) factorLabels: [4]{EdgeDistanceRmseAggregator, EdgeDistanceSigma_Aggregator, hoot__AngleHistogramExtractor, hoot__WeightedMetricDistanceExtractor_way_agg__MeanAggregator_point_agg__RmseAggregator}
13:54:05.894 INFO  ...ighway/HighwayRfClassifier.cpp( 104) extractorNames: [4]{EdgeDistanceRmseAggregator, EdgeDistanceSigma_Aggregator, hoot__AngleHistogramExtractor, hoot__WeightedMetricDistanceExtractor_way_agg__MeanAggregator_point_agg__RmseAggregator}
13:54:05.894 INFO  ...ighway/HighwayRfClassifier.cpp( 105) missingExtractors: [0]{}
13:54:05.894 INFO  ...ighway/HighwayRfClassifier.cpp( 106) _rfFactorLabels: [4]{EdgeDistanceRmseAggregator, EdgeDistanceSigma_Aggregator, hoot__AngleHistogramExtractor, hoot__WeightedMetricDistanceExtractor_way_agg__MeanAggregator_point_agg__RmseAggregator}
13:54:05.894 INFO  ...lygon/BuildingMatchCreator.cpp( 211) *threshold: Thresholds; Match: 0.6 Miss: 0.6 Review: 0.6
13:54:05.942 INFO  ...ighway/HighwayMatchCreator.cpp(  87) neighbor counts, max: 6 mean: 3.875
13:54:05.942 INFO  ...conflate/UnifyingConflator.cpp( 165) Pre-constraining match count: 58
13:54:05.942 INFO  .../OptimalConstrainedMatches.cpp(  55) Calculating match conflicts
13:54:05.953 INFO  .../OptimalConstrainedMatches.cpp(  57) Done calculating match conflicts
13:54:05.953 INFO  ...conflate/UnifyingConflator.cpp( 188) CM took: 0.0108101s.
13:54:05.953 INFO  ...conflate/UnifyingConflator.cpp( 189) CM Score: 1110.52
13:54:05.953 INFO  ...h/GreedyConstrainedMatches.cpp(  68) Calculating match conflicts
13:54:05.953 INFO  ...h/GreedyConstrainedMatches.cpp(  70) Done calculating match conflicts
13:54:05.953 INFO  ...conflate/UnifyingConflator.cpp( 197) GM took: 0.000176191s.
13:54:05.953 INFO  ...conflate/UnifyingConflator.cpp( 198) GM Score: 1110.52
13:54:05.953 INFO  ...conflate/UnifyingConflator.cpp( 221) Post constraining match count: 35
13:54:05.965 INFO  .../cpp/hoot/core/ops/NamedOp.cpp(  56) Applying operation: hoot::SuperfluousNodeRemover
13:54:05.965 INFO  ...ops/SuperfluousNodeRemover.cpp(  53) Removing superfluous nodes...
Reprojecting 0 / 145         
13:54:05.965 INFO  .../cpp/hoot/core/ops/NamedOp.cpp(  56) Applying operation: hoot::SmallWayMerger
13:54:05.965 INFO  .../cpp/hoot/core/ops/NamedOp.cpp(  56) Applying operation: hoot::BuildingOutlineUpdateOp
Reprojecting 0 / 136         
