 setval 
--------
      2
(1 row)

 setval 
--------
      2
(1 row)

 setval 
--------
     37
(1 row)

 setval 
--------
      5
(1 row)

 setval 
--------
      1
(1 row)

Performing read operation
Doing comparison
OSM XML file:		test-output/cmd/ServiceOsmApiDbTest/ToyTestA-out.osm
PostgreSQL dump file:	hoot-core-test/src/test/resources/ToyTestA.sql

Validating data: nodes
	current_nodes, current_node_tags:
		Matching number of nodes: PASS (36)
		Deep inspection of data integrity: PASS
	nodes, node_tags:
		Matching number of nodes: PASS (36)
		Deep inspection of data integrity: PASS

Validating data: ways
	current_ways, current_way_tags, current_way_nodes:
		Matching number of ways: PASS (4)
		Deep inspection of data integrity: PASS
	ways, way_tags, way_nodes:
		Matching number of ways: PASS (4)
		Deep inspection of data integrity: PASS

Validating relations: ways
	current_relations, current_relation_tags, current_relation_nodes:
		Matching number of relations: PASS (0)
		Deep inspection of data integrity: PASS
	relations, relation_tags, relation_nodes:
		Matching number of relations: PASS (0)
		Deep inspection of data integrity: PASS
