14:32:57.118 INFO  .../cpp/hoot/core/ops/NamedOp.cpp(  56) Applying operation: hoot::TranslationOp
<?xml version="1.0" encoding="UTF-8"?>
<osm version="0.6" generator="hootenanny" srs="GEOGCS[&quot;WGS 84&quot;,&#10;    DATUM[&quot;WGS_1984&quot;,&#10;        SPHEROID[&quot;WGS 84&quot;,6378137,298.257223563,&#10;            AUTHORITY[&quot;EPSG&quot;,&quot;7030&quot;]],&#10;        TOWGS84[0,0,0,0,0,0,0],&#10;        AUTHORITY[&quot;EPSG&quot;,&quot;6326&quot;]],&#10;    PRIMEM[&quot;Greenwich&quot;,0,&#10;        AUTHORITY[&quot;EPSG&quot;,&quot;8901&quot;]],&#10;    UNIT[&quot;degree&quot;,0.0174532925199433,&#10;        AUTHORITY[&quot;EPSG&quot;,&quot;9108&quot;]],&#10;    AUTHORITY[&quot;EPSG&quot;,&quot;4326&quot;]]">
    <node visible="true" id="345950" timestamp="1970-01-01T00:00:00Z" version="1" changeset="0" lat="29.0451799999999984" lon="33.2565200000000019">
        <tag k="natural" v="mountain"/>
        <tag k="ele" v="610"/>
        <tag k="alt_name" v="Gebel Nukhl;Gebel Nukhul;Jabal Nakhl"/>
        <tag k="is_in:country_code" v="EG"/>
        <tag k="source" v="geonames"/>
        <tag k="uuid" v="GeoNames.org:345950"/>
        <tag k="name" v="Jabal Nakhl"/>
        <tag k="error:circular" v="15"/>
    </node>
    <node visible="true" id="345949" timestamp="1970-01-01T00:00:00Z" version="1" changeset="0" lat="29.1563599999999994" lon="25.5891200000000012">
        <tag k="natural" v="spring"/>
        <tag k="ele" v="-14"/>
        <tag k="alt_name" v="Ain el Shafa;Tatararat;Tatarat;Tâtarât;`Ain Shafa;`Ain el-Shifa;`Ain esh Shifa;`Ayn ash Shifa';‘Ain esh Shifa;‘Ayn ash Shifā’;‘Aîn Shafa;‘Aîn el-Shifa"/>
        <tag k="is_in:country_code" v="EG"/>
        <tag k="source" v="geonames"/>
        <tag k="uuid" v="GeoNames.org:345949"/>
        <tag k="name" v="‘Ayn ash Shifā’"/>
        <tag k="error:circular" v="15"/>
    </node>
    <node visible="true" id="295764" timestamp="1970-01-01T00:00:00Z" version="1" changeset="0" lat="30.1270300000000013" lon="34.7050399999999968">
        <tag k="ele" v="460"/>
        <tag k="alt_name" v="Abu `Urjan;Abū ‘Urjān;Wadi Abu Urgan;Wadi Abu Urgân;Wadi Abu `Urgan;Wadi Abu `Urjan;Wadi Abu `Urqan;Wādī Abū ‘Urgān;Wādī Abū ‘Urjān;Wādī Abū ‘Urqān;wdy ʼbw ʻrgn;wdy ʼbw ʻrqn;ודי אבו ערגן;ודי אבו ערקן"/>
        <tag k="is_in:country_code" v="EG"/>
        <tag k="waterway" v="wadi"/>
        <tag k="source" v="geonames"/>
        <tag k="uuid" v="GeoNames.org:295764"/>
        <tag k="name" v="Wādī Abū ‘Urqān"/>
        <tag k="error:circular" v="15"/>
    </node>
    <node visible="true" id="294868" timestamp="1970-01-01T00:00:00Z" version="1" changeset="0" lat="30.5083400000000005" lon="34.5270399999999995">
        <tag k="natural" v="mountain"/>
        <tag k="ele" v="881"/>
        <tag k="alt_name" v="Har Harif;Har H̱arif;Jebel Kharuf;Ra's Kharuf;Ras Kharuf;Ra’s Kharūf;Rās Kharūf;rs h'rwp;רס ח’רוף"/>
        <tag k="is_in:country_code" v="EG"/>
        <tag k="source" v="geonames"/>
        <tag k="uuid" v="GeoNames.org:294868"/>
        <tag k="name" v="Ra’s Kharūf"/>
        <tag k="error:circular" v="15"/>
    </node>
    <node visible="true" id="294761" timestamp="1970-01-01T00:00:00Z" version="1" changeset="0" lat="29.6431800000000010" lon="34.8789299999999969">
        <tag k="natural" v="mountain"/>
        <tag k="ele" v="831"/>
        <tag k="alt_name" v="Har Hizkiyyahu;Har Hizqiyyahu;Har H̱izkiyyahu;Har H̱izqiyyahu;hr hzqyhw;הר חזקיהו"/>
        <tag k="is_in:country_code" v="EG"/>
        <tag k="source" v="geonames"/>
        <tag k="uuid" v="GeoNames.org:294761"/>
        <tag k="name" v="Har H̱izqiyyahu"/>
        <tag k="error:circular" v="15"/>
    </node>
    <node visible="true" id="294618" timestamp="1970-01-01T00:00:00Z" version="1" changeset="0" lat="30.0369400000000013" lon="34.7175000000000011">
        <tag k="ele" v="495"/>
        <tag k="alt_name" v="Jureinat;Jureināt;Wadi Gureinat;Wadi al Juraynat;Wadi el Gerainat;Wadi el Gireinat;Wādī al Juraynāt;Wādī el Gireināt"/>
        <tag k="is_in:country_code" v="EG"/>
        <tag k="waterway" v="wadi"/>
        <tag k="source" v="geonames"/>
        <tag k="uuid" v="GeoNames.org:294618"/>
        <tag k="name" v="Wādī al Juraynāt"/>
        <tag k="error:circular" v="15"/>
    </node>
    <node visible="true" id="294428" timestamp="1970-01-01T00:00:00Z" version="1" changeset="0" lat="30.9578999999999986" lon="34.3657299999999992">
        <tag k="ele" v="172"/>
        <tag k="alt_name" v="Nahal Lavan;Naẖal Lavan;Wadi al Abyad;Wadi el Abiad;Wâdi el Abiad;Wādī al Abyaḑ;nhl lbn;נחל לבן"/>
        <tag k="is_in:country_code" v="EG"/>
        <tag k="waterway" v="wadi"/>
        <tag k="source" v="geonames"/>
        <tag k="uuid" v="GeoNames.org:294428"/>
        <tag k="name" v="Naẖal Lavan"/>
        <tag k="error:circular" v="15"/>
    </node>
    <node visible="true" id="294386" timestamp="1970-01-01T00:00:00Z" version="1" changeset="0" lat="30.3890500000000010" lon="34.5279600000000002">
        <tag k="ele" v="611"/>
        <tag k="alt_name" v="Wadi Maghara;Wadi Magharah;Wadi Makra`a;Wadi Maqra`a;Wādī Maghāra;Wādī Maghārah;Wādī Makra‘a;Wādī Maqra‘a;wdy mqrʻh;ודי מקרעה"/>
        <tag k="is_in:country_code" v="EG"/>
        <tag k="waterway" v="wadi"/>
        <tag k="source" v="geonames"/>
        <tag k="uuid" v="GeoNames.org:294386"/>
        <tag k="name" v="Wādī Maghārah"/>
        <tag k="error:circular" v="15"/>
    </node>
    <node visible="true" id="293900" timestamp="1970-01-01T00:00:00Z" version="1" changeset="0" lat="30.6862400000000015" lon="34.4035099999999971">
        <tag k="ele" v="302"/>
        <tag k="alt_name" v="Nahal Qadesh Barnea`;Naẖal Qadesh Barnea‘;Wadi al Judayrat;Wadi al Qudayrat;Wadi el Qudeirat;Wādī al Judayrāt;Wādī al Qudayrāt"/>
        <tag k="is_in:country_code" v="EG"/>
        <tag k="waterway" v="wadi"/>
        <tag k="source" v="geonames"/>
        <tag k="uuid" v="GeoNames.org:293900"/>
        <tag k="name" v="Wādī al Judayrāt"/>
        <tag k="error:circular" v="15"/>
    </node>
    <node visible="true" id="293683" timestamp="1970-01-01T00:00:00Z" version="1" changeset="0" lat="30.1234800000000007" lon="34.7174499999999995">
        <tag k="ele" v="454"/>
        <tag k="alt_name" v="Wadi ar Rudayhi;Wadi el Rideihi;Wādī ar Rudayḩī;wdy ʼ-rdyhy;ודי א-רדיהי"/>
        <tag k="is_in:country_code" v="EG"/>
        <tag k="waterway" v="wadi"/>
        <tag k="source" v="geonames"/>
        <tag k="uuid" v="GeoNames.org:293683"/>
        <tag k="name" v="Wādī ar Rudayḩī"/>
        <tag k="error:circular" v="15"/>
    </node>
</osm>
