 setval 
--------
      2
(1 row)

 setval 
--------
      2
(1 row)

 setval 
--------
     37
(1 row)

 setval 
--------
      5
(1 row)

 setval 
--------
      1
(1 row)

Performing read operation
Doing comparison
OSM XML file:		test-output/cmd/ServiceOsmApiDbTest/ToyTestA-out.osm
PostgreSQL dump file:	hoot-core-test/src/test/resources/ToyTestA.sql

Validating data: nodes
	current_nodes, current_node_tags:
		Matching number of nodes: PASS (36)
		Deep inspection of data integrity: PASS
	nodes, node_tags:
		Matching number of nodes: PASS (36)
		Deep inspection of data integrity: PASS

Validating data: ways
	current_ways, current_way_tags, current_way_nodes:
		Matching number of ways: PASS (4)
		Deep inspection of data integrity: PASS
	ways, way_tags, way_nodes:
		Matching number of ways: PASS (4)
		Deep inspection of data integrity: PASS

Validating relations: ways
	current_relations, current_relation_tags, current_relation_nodes:
		Matching number of relations: PASS (0)
		Deep inspection of data integrity: PASS
	relations, relation_tags, relation_nodes:
		Matching number of relations: PASS (0)
		Deep inspection of data integrity: PASS
 setval 
--------
      1
(1 row)

 setval 
--------
      1
(1 row)

 setval 
--------
      1
(1 row)

 setval 
--------
      1
(1 row)

 setval 
--------
      2
(1 row)

 setval 
--------
      1
(1 row)

 setval 
--------
      1
(1 row)

 setval 
--------
      1
(1 row)

 setval 
--------
      1
(1 row)

 setval 
--------
      1
(1 row)

 setval 
--------
      1
(1 row)

 setval 
--------
      1
(1 row)

 setval 
--------
      1
(1 row)

 setval 
--------
      1
(1 row)

 setval 
--------
      1
(1 row)

 setval 
--------
      1
(1 row)

 setval 
--------
      1
(1 row)

 setval 
--------
      1
(1 row)

 setval 
--------
      1
(1 row)

 setval 
--------
      1
(1 row)

 setval 
--------
      1
(1 row)

 setval 
--------
      1
(1 row)

        <tag k="accuracy1" v="5"/>
        <tag k="highway" v="road"/>
        <tag k="error:circular" v="0"/>
        <tag k="highway" v="primary"/>
        <tag k="error:circular" v="0"/>
        <tag k="type" v="multistuff"/>
        <tag k="error:circular" v="0"/>
        <tag k="error:circular" v="0"/>
        <member type="node" ref="1" role="noderole"/>
        <member type="way" ref="1" role="wayrole"/>
        <member type="way" ref="1" role="wayrole"/>
    <relation visible="true" id="1" timestamp="1970-01-01T00:00:00Z" version="1">
        <member type="relation" ref="2" role=""/>
    </relation>
    <relation visible="true" id="2" timestamp="1970-01-01T00:00:00Z" version="1">
    </relation>
